MariaDB [(none)]> show databases;
+--------------------+
| Database           |
+--------------------+
| information_schema |
| test               |
+--------------------+
2 rows in set (0.02 sec)

MariaDB [(none)]> use test;
Database changed
MariaDB [test]> CREATE TABLE salesman(    salesman_id INTEGER(5) PRIMARY KEY,    name VARCHAR(30) NOT NULL,    city VARCHAR(15),    commission FLOAT(5,2));
Query OK, 0 rows affected (0.06 sec)

MariaDB [test]> INSERT INTO salesman VALUES(5001,'James Hoog','New York',0.15);INSERT INTO salesman VALUES(5002,'Nail Knite','Paris',0.13);INSERT INTO salesman VALUES(5005,'Pit Alex','London',0.11);INSERT INTO salesman VALUES(5006,'Mc Lyon','Paris',0.14);INSERT INTO salesman VALUES(5003,'Lauson Hen','San Jose',0.12);INSERT INTO salesman VALUES(5007,'Paul Adam','Rome',0.13);
Query OK, 1 row affected (0.00 sec)

Query OK, 1 row affected (0.00 sec)

Query OK, 1 row affected (0.00 sec)

Query OK, 1 row affected (0.00 sec)

Query OK, 1 row affected (0.00 sec)

Query OK, 1 row affected (0.00 sec)

MariaDB [test]> CREATE TABLE customer (    customer_id INTEGER(5) PRIMARY KEY,    cust_name VARCHAR(30) NOT NULL,    city VARCHAR(15),    grade INTEGER(3) DEFAULT 0,    salesman_id INTEGER(5) NOT NULL,    FOREIGN KEY (salesman_id) REFERENCES salesman(salesman_id));
Query OK, 0 rows affected (0.02 sec)

MariaDB [test]> INSERT INTO customer VALUES(3002,'Nick Rimando','New York',100,5001);INSERT INTO customer VALUES(3007,'Brad Davis','New York',200,5001);INSERT INTO customer VALUES(3003,'Jozy Altidor','Moscow',200,5007);INSERT INTO customer VALUES(3005,'Graham Zusi','California',200,5002);INSERT INTO customer VALUES(3008,'Julian Green','London',300,5002);INSERT INTO customer VALUES(3004,'Fabian Johnson','Paris',300,5006);INSERT INTO customer VALUES(3009,'Geoff Cameron','Berlin',100,5003);INSERT INTO customer VALUES(3001,'Brad Guzan','London',NULL,5005);
Query OK, 1 row affected (0.00 sec)

Query OK, 1 row affected (0.00 sec)

Query OK, 1 row affected (0.00 sec)

Query OK, 1 row affected (0.01 sec)

Query OK, 1 row affected (0.00 sec)

Query OK, 1 row affected (0.00 sec)

Query OK, 1 row affected (0.00 sec)

Query OK, 1 row affected (0.00 sec)

MariaDB [test]> CREATE TABLE orders (    ord_no INTEGER(5) PRIMARY KEY,    purch_amt FLOAT(8,2) DEFAULT 0,    ord_date date,    customer_id INTEGER(5) NOT NULL,    salesman_id INTEGER(5) NOT NULL,    FOREIGN KEY (salesman_id) REFERENCES salesman(salesman_id),    FOREIGN KEY (customer_id) REFERENCES customer(customer_id));
Query OK, 0 rows affected (0.01 sec)

MariaDB [test]> INSERT INTO orders VALUES(70009,270.65,'2012-09-10',3001,5005);INSERT INTO orders VALUES(70002,65.26,'2012-10-05',3002,5001);INSERT INTO orders VALUES(70004,110.50,'2012-08-17',3009,5003);INSERT INTO orders VALUES(70005,2400.60,'2012-07-27',3007,5001);INSERT INTO orders VALUES(70008,5760.00,'2012-09-10',3002,5001);INSERT INTO orders VALUES(70010,1983.43,'2012-10-10',3004,5006);INSERT INTO orders VALUES(70003,2480.40,'2012-10-10',3009,5003);INSERT INTO orders VALUES(70011,75.29,'2012-08-17',3003,5007);INSERT INTO orders VALUES(70013,3045.60,'2012-04-25',3002,5001);INSERT INTO orders VALUES(70001,150.50,'2012-10-05',3005,5002);INSERT INTO orders VALUES(70007,948.50,'2012-09-10',3005,5002);INSERT INTO orders VALUES(70012,250.45,'2012-06-27',3008,5002);
Query OK, 1 row affected (0.00 sec)

Query OK, 1 row affected (0.00 sec)

Query OK, 1 row affected (0.00 sec)

Query OK, 1 row affected (0.00 sec)

Query OK, 1 row affected (0.00 sec)

Query OK, 1 row affected (0.00 sec)

Query OK, 1 row affected (0.00 sec)

Query OK, 1 row affected (0.00 sec)

Query OK, 1 row affected (0.00 sec)

Query OK, 1 row affected (0.00 sec)

Query OK, 1 row affected (0.02 sec)

Query OK, 1 row affected (0.00 sec)

MariaDB [test]> SELECT *
    -> FROM orders
    -> WHERE salesman_id =
    ->     (SELECT salesman_id
    ->      FROM salesman
    ->      WHERE name='Paul Adam');
+--------+-----------+------------+-------------+-------------+
| ord_no | purch_amt | ord_date   | customer_id | salesman_id |
+--------+-----------+------------+-------------+-------------+
|  70011 |     75.29 | 2012-08-17 |        3003 |        5007 |
+--------+-----------+------------+-------------+-------------+
1 row in set (0.00 sec)

MariaDB [test]> SELECT *
    -> FROM orders
    -> WHERE salesman_id =
    ->     (SELECT DISTINCT salesman_id
    ->      FROM orders
    ->      WHERE customer_id =3007);
+--------+-----------+------------+-------------+-------------+
| ord_no | purch_amt | ord_date   | customer_id | salesman_id |
+--------+-----------+------------+-------------+-------------+
|  70002 |     65.26 | 2012-10-05 |        3002 |        5001 |
|  70005 |   2400.60 | 2012-07-27 |        3007 |        5001 |
|  70008 |   5760.00 | 2012-09-10 |        3002 |        5001 |
|  70013 |   3045.60 | 2012-04-25 |        3002 |        5001 |
+--------+-----------+------------+-------------+-------------+
4 rows in set (0.00 sec)

MariaDB [test]> SELECT *
    -> FROM orders
    -> WHERE purch_amt >
    ->     (SELECT  AVG(purch_amt)
    ->      FROM orders
    ->      WHERE ord_date ='10/10/2012');
Empty set, 1 warning (0.00 sec)

MariaDB [test]> SELECT *
    -> FROM orders
    -> WHERE purch_amt >
    ->     (SELECT  AVG(purch_amt)
    ->      FROM orders
    ->      WHERE ord_date ='2012/10/10');
+--------+-----------+------------+-------------+-------------+
| ord_no | purch_amt | ord_date   | customer_id | salesman_id |
+--------+-----------+------------+-------------+-------------+
|  70003 |   2480.40 | 2012-10-10 |        3009 |        5003 |
|  70005 |   2400.60 | 2012-07-27 |        3007 |        5001 |
|  70008 |   5760.00 | 2012-09-10 |        3002 |        5001 |
|  70013 |   3045.60 | 2012-04-25 |        3002 |        5001 |
+--------+-----------+------------+-------------+-------------+
4 rows in set (0.00 sec)

MariaDB [test]> SELECT *
    -> FROM orders
    -> WHERE salesman_id IN
    ->     (SELECT salesman_id
    ->      FROM salesman
    ->      WHERE city ='New York');
+--------+-----------+------------+-------------+-------------+
| ord_no | purch_amt | ord_date   | customer_id | salesman_id |
+--------+-----------+------------+-------------+-------------+
|  70002 |     65.26 | 2012-10-05 |        3002 |        5001 |
|  70005 |   2400.60 | 2012-07-27 |        3007 |        5001 |
|  70008 |   5760.00 | 2012-09-10 |        3002 |        5001 |
|  70013 |   3045.60 | 2012-04-25 |        3002 |        5001 |
+--------+-----------+------------+-------------+-------------+
4 rows in set (0.00 sec)

MariaDB [test]> SELECT grade, COUNT (DISTINCT customer_id)
    -> FROM customer
    -> GROUP BY grade
    -> HAVING grade >
    ->     (SELECT AVG(grade)
    ->      FROM customer
    ->      WHERE city = 'New York');
ERROR 1064 (42000): You have an error in your SQL syntax; check the manual that corresponds to your MariaDB server version for the right syntax to use near 'DISTINCT customer_id)
FROM customer
GROUP BY grade
HAVING grade >
    (SELECT AV' at line 1
MariaDB [test]> SELECT grade, COUNT (DISTINCT customer_id)
    -> FROM customer
    -> GROUP BY grade
    -> HAVING grade >
    ->     (SELECT AVG(grade)
    ->      FROM customer
    ->      WHERE city = 'New York');
ERROR 1064 (42000): You have an error in your SQL syntax; check the manual that corresponds to your MariaDB server version for the right syntax to use near 'DISTINCT customer_id)
FROM customer
GROUP BY grade
HAVING grade >
    (SELECT AV' at line 1
MariaDB [test]> SELECT grade, COUNT(DISTINCT customer_id)
    -> FROM customer
    -> GROUP BY grade
    -> HAVING grade >
    ->     (SELECT AVG(grade)
    ->      FROM customer
    ->      WHERE city = 'New York');
+-------+-----------------------------+
| grade | COUNT(DISTINCT customer_id) |
+-------+-----------------------------+
|   200 |                           3 |
|   300 |                           2 |
+-------+-----------------------------+
2 rows in set (0.00 sec)

MariaDB [test]> SELECT *
    -> FROM customer a,orders  b
    -> WHERE a.customer_id=b.customer_id
    -> AND b.ord_date='2012-10-05';
+-------------+--------------+------------+-------+-------------+--------+-----------+------------+-------------+-------------+
| customer_id | cust_name    | city       | grade | salesman_id | ord_no | purch_amt | ord_date   | customer_id | salesman_id |
+-------------+--------------+------------+-------+-------------+--------+-----------+------------+-------------+-------------+
|        3005 | Graham Zusi  | California |   200 |        5002 |  70001 |    150.50 | 2012-10-05 |        3005 |        5002 |
|        3002 | Nick Rimando | New York   |   100 |        5001 |  70002 |     65.26 | 2012-10-05 |        3002 |        5001 |
+-------------+--------------+------------+-------+-------------+--------+-----------+------------+-------------+-------------+
2 rows in set (0.00 sec)

MariaDB [test]> SELECT salesman_id,name
    -> FROM salesman a
    -> WHERE 1 <
    ->     (SELECT COUNT(*)
    ->      FROM customer
    ->      WHERE salesman_id=a.salesman_id);
+-------------+------------+
| salesman_id | name       |
+-------------+------------+
|        5001 | James Hoog |
|        5002 | Nail Knite |
+-------------+------------+
2 rows in set (0.00 sec)

MariaDB [test]> SELECT *
    -> FROM orders a
    -> WHERE purch_amt >
    ->     (SELECT AVG(purch_amt) FROM orders b
    ->      WHERE b.customer_id = a.customer_id);
+--------+-----------+------------+-------------+-------------+
| ord_no | purch_amt | ord_date   | customer_id | salesman_id |
+--------+-----------+------------+-------------+-------------+
|  70003 |   2480.40 | 2012-10-10 |        3009 |        5003 |
|  70007 |    948.50 | 2012-09-10 |        3005 |        5002 |
|  70008 |   5760.00 | 2012-09-10 |        3002 |        5001 |
|  70013 |   3045.60 | 2012-04-25 |        3002 |        5001 |
+--------+-----------+------------+-------------+-------------+
4 rows in set (0.00 sec)

MariaDB [test]> SELECT *
    -> FROM customer
    -> WHERE grade > ALL
    ->    (SELECT grade
    -> FROM customer
    -> WHERE city='New York');
+-------------+----------------+--------+-------+-------------+
| customer_id | cust_name      | city   | grade | salesman_id |
+-------------+----------------+--------+-------+-------------+
|        3004 | Fabian Johnson | Paris  |   300 |        5006 |
|        3008 | Julian Green   | London |   300 |        5002 |
+-------------+----------------+--------+-------+-------------+
2 rows in set (0.00 sec)

MariaDB [test]> SELECT *
    -> FROM Orders
    -> WHERE purch_amt > ANY
    ->    (SELECT purch_amt
    -> FROM orders
    -> WHERE  ord_date='2012/09/10');
+--------+-----------+------------+-------------+-------------+
| ord_no | purch_amt | ord_date   | customer_id | salesman_id |
+--------+-----------+------------+-------------+-------------+
|  70003 |   2480.40 | 2012-10-10 |        3009 |        5003 |
|  70005 |   2400.60 | 2012-07-27 |        3007 |        5001 |
|  70007 |    948.50 | 2012-09-10 |        3005 |        5002 |
|  70008 |   5760.00 | 2012-09-10 |        3002 |        5001 |
|  70010 |   1983.43 | 2012-10-10 |        3004 |        5006 |
|  70013 |   3045.60 | 2012-04-25 |        3002 |        5001 |
+--------+-----------+------------+-------------+-------------+
6 rows in set (0.00 sec)
